2026-05-02 19:43:07,559 - pyswarms.single.global_best - INFO - Optimize for 30 iters with {'c1': 0.5, 'c2': 0.3, 'w': 0.9}
2026-05-02 20:05:19,156 - pyswarms.single.global_best - INFO - Optimization finished | best cost: -10.878258791673598, best pos: [0.83152616 0.9281868  3.14992064]
2026-05-06 12:34:51,107 - pyswarms.single.global_best - INFO - Optimize for 30 iters with {'c1': 0.5, 'c2': 0.3, 'w': 0.9}
2026-05-06 12:34:51,573 - pyswarms.single.global_best - INFO - Optimization finished | best cost: 10000000000.0, best pos: [1.07746474 1.02450687 3.31002962]
2026-05-06 12:36:16,271 - pyswarms.single.global_best - INFO - Optimize for 30 iters with {'c1': 0.5, 'c2': 0.3, 'w': 0.9}
2026-05-06 12:36:18,423 - pyswarms.single.global_best - INFO - Optimization finished | best cost: 10000000000.0, best pos: [1.10542285 0.98081481 0.73909718]
2026-05-06 12:38:34,287 - pyswarms.single.global_best - INFO - Optimize for 30 iters with {'c1': 0.5, 'c2': 0.3, 'w': 0.9}
2026-05-06 12:38:36,584 - pyswarms.single.global_best - INFO - Optimization finished | best cost: 10000000000.0, best pos: [1.0686548  0.98920361 5.43085494]
2026-05-06 12:43:41,895 - pyswarms.backend.generators - ERROR - Bounds and/or init_pos should be of size (3,)
Traceback (most recent call last):
  File "C:\Users\eliza\AppData\Local\Programs\Python\Python314\Lib\site-packages\pyswarms\backend\generators.py", line 81, in generate_swarm
    pos = center * np.random.uniform(
                   ~~~~~~~~~~~~~~~~~^
        low=min_bounds, high=max_bounds, size=(n_particles, dimensions)
        ^^^^^^^^^^^^^^^^^^^^^^^^^^^^^^^^^^^^^^^^^^^^^^^^^^^^^^^^^^^^^^^
    )
    ^
  File "numpy/random/mtrand.pyx", line 1194, in numpy.random.mtrand.RandomState.uniform
  File "numpy/random/_common.pyx", line 618, in numpy.random._common.cont
  File "numpy/random/_common.pyx", line 535, in numpy.random._common.cont_broadcast_2
  File "../numpy/__init__.cython-30.pxd", line 784, in numpy.PyArray_MultiIterNew3
ValueError: shape mismatch: objects cannot be broadcast to a single shape.  Mismatch is between arg 0 with shape (100, 3) and arg 1 with shape (100, 2).
2026-05-06 12:49:49,311 - pyswarms.backend.generators - ERROR - Bounds and/or init_pos should be of size (3,)
Traceback (most recent call last):
  File "C:\Users\eliza\AppData\Local\Programs\Python\Python314\Lib\site-packages\pyswarms\backend\generators.py", line 81, in generate_swarm
    pos = center * np.random.uniform(
                   ~~~~~~~~~~~~~~~~~^
        low=min_bounds, high=max_bounds, size=(n_particles, dimensions)
        ^^^^^^^^^^^^^^^^^^^^^^^^^^^^^^^^^^^^^^^^^^^^^^^^^^^^^^^^^^^^^^^
    )
    ^
  File "numpy/random/mtrand.pyx", line 1194, in numpy.random.mtrand.RandomState.uniform
  File "numpy/random/_common.pyx", line 618, in numpy.random._common.cont
  File "numpy/random/_common.pyx", line 535, in numpy.random._common.cont_broadcast_2
  File "../numpy/__init__.cython-30.pxd", line 784, in numpy.PyArray_MultiIterNew3
ValueError: shape mismatch: objects cannot be broadcast to a single shape.  Mismatch is between arg 0 with shape (100, 3) and arg 1 with shape (100, 2).
2026-05-06 12:52:17,084 - pyswarms.single.global_best - INFO - Optimize for 30 iters with {'c1': 0.5, 'c2': 0.3, 'w': 0.9}
2026-05-06 12:52:19,522 - pyswarms.single.global_best - INFO - Optimization finished | best cost: 10000000000.0, best pos: [1.06560537 0.80020164]
2026-05-06 12:52:51,552 - pyswarms.single.global_best - INFO - Optimize for 30 iters with {'c1': 0.5, 'c2': 0.3, 'w': 0.9}
2026-05-06 12:52:53,882 - pyswarms.single.global_best - INFO - Optimization finished | best cost: 10000000000.0, best pos: [1.20104904 1.14119036]
2026-05-06 12:53:26,029 - pyswarms.single.global_best - INFO - Optimize for 30 iters with {'c1': 0.5, 'c2': 0.3, 'w': 0.9}
2026-05-06 12:53:27,979 - pyswarms.single.global_best - INFO - Optimization finished | best cost: 10000000000.0, best pos: [0.98782327 0.82803807]
2026-05-06 12:55:28,116 - pyswarms.single.global_best - INFO - Optimize for 100 iters with {'c1': 0.5, 'c2': 0.3, 'w': 0.9}
2026-05-06 12:55:42,741 - pyswarms.single.global_best - INFO - Optimization finished | best cost: 10000000000.0, best pos: [0.94972192 0.98645498]
2026-05-06 12:56:04,663 - pyswarms.single.global_best - INFO - Optimize for 100 iters with {'c1': 0.5, 'c2': 0.3, 'w': 0.9}
2026-05-06 12:56:13,604 - pyswarms.single.global_best - INFO - Optimization finished | best cost: 10000000000.0, best pos: [1.15721828 1.02197418]
2026-05-06 12:56:48,211 - pyswarms.single.global_best - INFO - Optimize for 100 iters with {'c1': 0.5, 'c2': 0.3, 'w': 0.9}
2026-05-06 12:56:55,355 - pyswarms.single.global_best - INFO - Optimization finished | best cost: 10000000000.0, best pos: [1.24982793 1.14917781]
2026-05-06 12:57:47,842 - pyswarms.single.global_best - INFO - Optimize for 100 iters with {'c1': 0.5, 'c2': 0.3, 'w': 0.9}
2026-05-06 12:57:54,390 - pyswarms.single.global_best - INFO - Optimization finished | best cost: 10000000000.0, best pos: [0.9836462 1.0580627]
2026-05-06 13:24:20,368 - pyswarms.single.global_best - INFO - Optimize for 100 iters with {'c1': 0.5, 'c2': 0.3, 'w': 0.9}
2026-05-06 13:26:45,930 - pyswarms.single.global_best - INFO - Optimize for 100 iters with {'c1': 0.5, 'c2': 0.3, 'w': 0.9}
2026-05-06 13:28:16,557 - pyswarms.single.global_best - INFO - Optimize for 50 iters with {'c1': 0.5, 'c2': 0.3, 'w': 0.9}
2026-05-06 15:00:04,898 - pyswarms.single.global_best - INFO - Optimization finished | best cost: 10000000000.0, best pos: [0.19413274 0.04233142 0.04012576 0.02997866 0.0140685 ]
2026-05-06 15:44:03,657 - pyswarms.single.global_best - INFO - Optimize for 50 iters with {'c1': 0.5, 'c2': 0.3, 'w': 0.9}
2026-05-06 15:51:16,147 - pyswarms.single.global_best - INFO - Optimize for 50 iters with {'c1': 0.5, 'c2': 0.3, 'w': 0.9}
2026-05-06 15:54:33,184 - pyswarms.single.global_best - INFO - Optimization finished | best cost: 10000000000.0, best pos: [9.82925357e-02 7.98597646e-06 4.25729579e-03 7.19894149e-03
 4.59246343e-02 1.86207054e-02]
2026-05-06 15:59:35,435 - pyswarms.single.global_best - INFO - Optimize for 15 iters with {'c1': 0.5, 'c2': 0.3, 'w': 0.9}
2026-05-06 15:59:50,934 - pyswarms.single.global_best - INFO - Optimization finished | best cost: 10000000000.0, best pos: [2.09399160e-11 1.00867244e-01 3.93911444e-02 2.43281825e-02
 3.62289932e-02 2.88894900e-02]
2026-05-06 16:11:02,671 - pyswarms.single.global_best - INFO - Optimize for 5 iters with {'c1': 0.5, 'c2': 0.3, 'w': 0.9}
2026-05-06 16:11:04,731 - pyswarms.single.global_best - INFO - Optimization finished | best cost: 10000000000.0, best pos: [7.48997562e-06 9.00745292e-02 3.51831314e-02 4.63040702e-02
 4.76167020e-02 1.81915377e-02]
2026-05-06 16:12:20,947 - pyswarms.single.global_best - INFO - Optimize for 5 iters with {'c1': 0.5, 'c2': 0.3, 'w': 0.9}
2026-05-06 16:12:23,269 - pyswarms.single.global_best - INFO - Optimization finished | best cost: 10000000000.0, best pos: [8.53345573e-06 1.38449622e-01 4.76642061e-02 1.09512397e-02
 4.08126357e-02 3.11784480e-02]
2026-05-06 16:15:10,408 - pyswarms.single.global_best - INFO - Optimize for 15 iters with {'c1': 0.5, 'c2': 0.3, 'w': 0.9}
2026-05-06 16:15:10,430 - pyswarms.single.global_best - INFO - Optimization finished | best cost: 10000000000.0, best pos: [3.72927812e-11 1.07901364e-01 4.96792812e-02 4.71620288e-02
 1.90133397e-02 2.27011961e-02]
2026-05-06 16:18:11,846 - pyswarms.single.global_best - INFO - Optimize for 15 iters with {'c1': 0.5, 'c2': 0.3, 'w': 0.9}
2026-05-06 16:18:11,873 - pyswarms.single.global_best - INFO - Optimization finished | best cost: 10000000000.0, best pos: [2.54471066e-11 8.10322815e-02 4.52126186e-02 3.73342144e-02
 3.14948877e-03 4.92067039e-02]
2026-05-06 16:19:25,209 - pyswarms.single.global_best - INFO - Optimize for 15 iters with {'c1': 0.5, 'c2': 0.3, 'w': 0.9}
2026-05-06 16:19:25,223 - pyswarms.single.global_best - INFO - Optimization finished | best cost: 10000000000.0, best pos: [2.06629403e-11 6.78936499e-02 2.82322165e-02 9.76085098e-03
 1.02145124e-02 1.04175403e-02]
2026-05-06 16:22:42,402 - pyswarms.single.global_best - INFO - Optimize for 15 iters with {'c1': 0.5, 'c2': 0.3, 'w': 0.9}
2026-05-06 16:24:53,012 - pyswarms.single.global_best - INFO - Optimize for 15 iters with {'c1': 0.5, 'c2': 0.3, 'w': 0.9}
2026-05-06 16:27:40,203 - pyswarms.single.global_best - INFO - Optimize for 15 iters with {'c1': 0.5, 'c2': 0.3, 'w': 0.9}
2026-05-06 16:35:40,905 - pyswarms.single.global_best - INFO - Optimization finished | best cost: 0.036429589610783165, best pos: [2.04726686e-11 1.38162506e-01 3.95413589e-03 1.19854081e-02
 3.67894456e-02 2.64489916e-02]
2026-05-06 16:40:44,513 - pyswarms.single.global_best - INFO - Optimize for 15 iters with {'c1': 0.5, 'c2': 0.3, 'w': 0.9}
2026-05-06 16:48:03,771 - pyswarms.single.global_best - INFO - Optimization finished | best cost: 0.017552563851208066, best pos: [1.90379006e-11 1.46190957e-01 2.94317128e-02 3.67211216e-02
 2.02415267e-02 3.14524424e-02]
2026-05-06 16:58:29,197 - pyswarms.single.global_best - INFO - Optimize for 15 iters with {'c1': 0.5, 'c2': 0.3, 'w': 0.9}
2026-05-12 09:35:26,373 - pyswarms.single.global_best - INFO - Optimize for 30 iters with {'c1': 0.5, 'c2': 0.3, 'w': 0.9}
2026-05-12 10:36:39,550 - pyswarms.single.global_best - INFO - Optimization finished | best cost: 0.01712235254201296, best pos: [1.81699079e-11 9.33895933e-03 4.13827562e-02 1.31200990e-02
 2.97064809e-02]
2026-05-13 09:22:06,030 - pyswarms.single.global_best - INFO - Optimize for 30 iters with {'c1': 0.5, 'c2': 0.3, 'w': 0.9}
2026-05-13 10:20:09,182 - pyswarms.single.global_best - INFO - Optimize for 30 iters with {'c1': 0.5, 'c2': 0.3, 'w': 0.9}
2026-05-13 11:46:23,754 - pyswarms.single.global_best - INFO - Optimization finished | best cost: 164.3144320634347, best pos: [1.88279892e-11 1.46551512e-02 4.40201368e-03 5.18652260e-03
 1.05633539e-02]
2026-05-13 11:47:12,637 - pyswarms.single.global_best - INFO - Optimize for 30 iters with {'c1': 0.5, 'c2': 0.3, 'w': 0.9}
2026-05-13 12:34:59,624 - pyswarms.single.global_best - INFO - Optimization finished | best cost: 0.3737282741867671, best pos: [4.36506985e-11 2.32925050e-03 1.12790233e-02 9.99907119e-03
 9.54067205e-03]
2026-05-13 12:43:37,583 - pyswarms.single.global_best - INFO - Optimize for 30 iters with {'c1': 0.5, 'c2': 0.3, 'w': 0.9}
2026-05-13 13:29:34,924 - pyswarms.single.global_best - INFO - Optimize for 30 iters with {'c1': 0.5, 'c2': 0.3, 'w': 0.9}
2026-05-13 17:36:08,273 - pyswarms.single.global_best - INFO - Optimization finished | best cost: 0.033764816406540256, best pos: [1.44195643e-11 1.92119699e-02 1.00704235e-01 6.08208508e-01
 3.62832504e-01]
2026-05-17 21:15:10,274 - pyswarms.single.global_best - INFO - Optimize for 30 iters with {'c1': 0.5, 'c2': 0.3, 'w': 0.9}
2026-05-17 22:24:45,285 - pyswarms.single.global_best - INFO - Optimization finished | best cost: 0.005524021133086585, best pos: [4.05459633e-11 1.88684943e-02 8.93159695e-01 5.28263689e-01
 8.66472718e-01]
2026-05-25 18:14:28,493 - pyswarms.single.global_best - INFO - Optimize for 30 iters with {'c1': 0.5, 'c2': 0.3, 'w': 0.9}
2026-05-25 18:15:14,581 - pyswarms.single.global_best - INFO - Optimization finished | best cost: 9.373790154206553e-05, best pos: [2.96914065e-11 1.20670262e-02 6.55597774e-03 5.18738006e-02
 2.36279456e-03]
2026-05-25 18:24:29,137 - pyswarms.single.global_best - INFO - Optimize for 500 iters with {'c1': 0.5, 'c2': 0.3, 'w': 0.9}
2026-05-25 20:23:10,950 - pyswarms.single.global_best - INFO - Optimization finished | best cost: 4.544409861797122e-06, best pos: [1.95239801e-11 6.92007100e-02 3.83079306e-03 3.76441147e-02
 3.99634670e-03]
